
> ore-no-fusen@0.1.0 test:e2e
> playwright test release.spec.ts -g 讀懃ｴ｢


Running 1 test using 1 worker

[Browser] info: %cDownload the React DevTools for a better development experience: https://reactjs.org/link/react-devtools font-weight:bold
[Browser] log: [STORE] Environment detection - isTauri: true isBrowser: false
[Browser] log: [Mock Tauri] IPC: get_settings {}
[Browser] warning: [Mock Tauri] Unhandled command: get_settings
[Browser] log: [STICKY_LOAD] Detected path parameter: C:/test/note.md
[Browser] log: [Mock Tauri] IPC: fusen_read_note {path: C:/test/note.md}
[Browser] log: [Mock Tauri] IPC: get_settings {}
[Browser] warning: [Mock Tauri] Unhandled command: get_settings
[Browser] log: [DEBUG] useEffect for reload listener triggered. selectedFile: undefined
[Browser] log: [DEBUG] selectedFile is null, skipping listener setup
[Browser] log: [Orchestrator] Mounted
[Browser] log: [Home] Render update. isMainWindow: false isSearchOpen: false folderPath: 
[Browser] log: [Mock Tauri] IPC: plugin:event|listen {event: fusen:open_note, target: Object, handler: Promise}
[Browser] log: [Mock Tauri] IPC Listen: fusen:open_note, handlerID: [object Promise]
[Browser] log: [Orchestrator] Unmounted
[Browser] log: [Mock Tauri] IPC: get_settings {}
[Browser] warning: [Mock Tauri] Unhandled command: get_settings
[Browser] log: [STICKY_LOAD] Detected path parameter: C:/test/note.md
[Browser] log: [Mock Tauri] IPC: fusen_read_note {path: C:/test/note.md}
[Browser] log: [Mock Tauri] IPC: get_settings {}
[Browser] warning: [Mock Tauri] Unhandled command: get_settings
[Browser] log: [DEBUG] useEffect for reload listener triggered. selectedFile: undefined
[Browser] log: [DEBUG] selectedFile is null, skipping listener setup
[Browser] log: [Orchestrator] Mounted
[Browser] log: [Home] Render update. isMainWindow: false isSearchOpen: false folderPath: 
[Browser] log: [Mock Tauri] IPC: plugin:event|listen {event: fusen:open_note, target: Object, handler: Promise}
[Browser] log: [Mock Tauri] IPC Listen: fusen:open_note, handlerID: [object Promise]
[Browser] log: [Mock Tauri] IPC: plugin:event|listen {event: settings_updated, target: Object, handler: Promise}
[Browser] log: [Mock Tauri] IPC Listen: settings_updated, handlerID: [object Promise]
[Browser] log: [Mock Tauri] IPC: plugin:event|listen {event: settings_updated, target: Object, handler: Promise}
[Browser] log: [Mock Tauri] IPC Listen: settings_updated, handlerID: [object Promise]
[Browser] log: [Mock Tauri] IPC: plugin:event|listen {event: settings_updated, target: Object, handler: Promise}
[Browser] log: [Mock Tauri] IPC Listen: settings_updated, handlerID: [object Promise]
[Browser] log: [Mock Tauri] IPC: plugin:event|listen {event: settings_updated, target: Object, handler: Promise}
[Browser] log: [Mock Tauri] IPC Listen: settings_updated, handlerID: [object Promise]
[Browser] log: Rust縺九ｉ險ｭ螳壹Ο繝ｼ繝・ 0
[Browser] log: Rust縺九ｉ險ｭ螳壹Ο繝ｼ繝・ 0
[Browser] log: [Mock Tauri] IPC: plugin:window|set_size {label: Proxy(Function), value: Size}
[Browser] log: [Mock Tauri] Window Command: plugin:window|set_size
[Browser] log: [Mock Tauri] IPC: plugin:window|set_size {label: Proxy(Function), value: Size}
[Browser] log: [Mock Tauri] Window Command: plugin:window|set_size
[Browser] log: [Mock Tauri] IPC: plugin:window|center {label: Proxy(Function)}
[Browser] log: [Mock Tauri] Window Command: plugin:window|center
[Browser] log: [Mock Tauri] IPC: plugin:window|center {label: Proxy(Function)}
[Browser] log: [Mock Tauri] Window Command: plugin:window|center
[Browser] error: Warning: Each child in a list should have a unique "key" prop.%s%s See https://reactjs.org/link/warning-keys for more information.%s 

Check the render method of `StickyNote`.  
    at StickyNote (webpack-internal:///(app-pages-browser)/./app/components/StickyNote.tsx:44:90)
    at OrchestratorContent (webpack-internal:///(app-pages-browser)/./app/page.tsx:249:53)
    at Suspense
    at Home
    at ClientPageRoot (webpack-internal:///(app-pages-browser)/./node_modules/next/dist/client/components/client-page.js:14:11)
    at InnerLayoutRouter (webpack-internal:///(app-pages-browser)/./node_modules/next/dist/client/components/layout-router.js:243:11)
    at RedirectErrorBoundary (webpack-internal:///(app-pages-browser)/./node_modules/next/dist/client/components/redirect-boundary.js:74:9)
    at RedirectBoundary (webpack-internal:///(app-pages-browser)/./node_modules/next/dist/client/components/redirect-boundary.js:82:11)
    at NotFoundErrorBoundary (webpack-internal:///(app-pages-browser)/./node_modules/next/dist/client/components/not-found-boundary.js:76:9)
    at NotFoundBoundary (webpack-internal:///(app-pages-browser)/./node_modules/next/dist/client/components/not-found-boundary.js:84:11)
    at LoadingBoundary (webpack-internal:///(app-pages-browser)/./node_modules/next/dist/client/components/layout-router.js:349:11)
    at ErrorBoundary (webpack-internal:///(app-pages-browser)/./node_modules/next/dist/client/components/error-boundary.js:160:11)
    at InnerScrollAndFocusHandler (webpack-internal:///(app-pages-browser)/./node_modules/next/dist/client/components/layout-router.js:153:9)
    at ScrollAndFocusHandler (webpack-internal:///(app-pages-browser)/./node_modules/next/dist/client/components/layout-router.js:228:11)
    at RenderFromTemplateContext (webpack-internal:///(app-pages-browser)/./node_modules/next/dist/client/components/render-from-template-context.js:16:44)
    at OuterLayoutRouter (webpack-internal:///(app-pages-browser)/./node_modules/next/dist/client/components/layout-router.js:370:11)
    at body
    at html
    at RootLayout (Server)
    at RedirectErrorBoundary (webpack-internal:///(app-pages-browser)/./node_modules/next/dist/client/components/redirect-boundary.js:74:9)
    at RedirectBoundary (webpack-internal:///(app-pages-browser)/./node_modules/next/dist/client/components/redirect-boundary.js:82:11)
    at NotFoundErrorBoundary (webpack-internal:///(app-pages-browser)/./node_modules/next/dist/client/components/not-found-boundary.js:76:9)
    at NotFoundBoundary (webpack-internal:///(app-pages-browser)/./node_modules/next/dist/client/components/not-found-boundary.js:84:11)
    at DevRootNotFoundBoundary (webpack-internal:///(app-pages-browser)/./node_modules/next/dist/client/components/dev-root-not-found-boundary.js:33:11)
    at ReactDevOverlay (webpack-internal:///(app-pages-browser)/./node_modules/next/dist/client/components/react-dev-overlay/app/ReactDevOverlay.js:87:9)
    at HotReload (webpack-internal:///(app-pages-browser)/./node_modules/next/dist/client/components/react-dev-overlay/app/hot-reloader-client.js:321:11)
    at Router (webpack-internal:///(app-pages-browser)/./node_modules/next/dist/client/components/app-router.js:207:11)
    at ErrorBoundaryHandler (webpack-internal:///(app-pages-browser)/./node_modules/next/dist/client/components/error-boundary.js:113:9)
    at ErrorBoundary (webpack-internal:///(app-pages-browser)/./node_modules/next/dist/client/components/error-boundary.js:160:11)
    at AppRouter (webpack-internal:///(app-pages-browser)/./node_modules/next/dist/client/components/app-router.js:585:13)
    at ServerRoot (webpack-internal:///(app-pages-browser)/./node_modules/next/dist/client/app-index.js:112:27)
    at Root (webpack-internal:///(app-pages-browser)/./node_modules/next/dist/client/app-index.js:117:11)
[Browser] log: Service Worker registered (scope: http://localhost:3002/)
[Browser] log: Service Worker registered (scope: http://localhost:3002/)
[Browser] log: [Fast Refresh] rebuilding
[Browser] log: [Mock Tauri] IPC: plugin:event|listen {event: tauri://move, target: Object, handler: Promise}
[Browser] log: [Mock Tauri] IPC Listen: tauri://move, handlerID: [object Promise]
[Browser] log: [DEBUG] useEffect for reload listener triggered. selectedFile: C:/test/note.md
[Browser] log: [Mock Tauri] IPC: plugin:event|listen {event: fusen:reload_note, target: Object, handler: Promise}
[Browser] log: [Mock Tauri] IPC Listen: fusen:reload_note, handlerID: [object Promise]
[Browser] log: [Mock Tauri] IPC: plugin:event|listen {event: fusen:scroll_to_line, target: Object, handler: Promise}
[Browser] log: [Mock Tauri] IPC Listen: fusen:scroll_to_line, handlerID: [object Promise]
[Browser] log: [Home] Render update. isMainWindow: false isSearchOpen: false folderPath: 
[Browser] log: [Mock Tauri] IPC: plugin:window|set_size {label: Proxy(Function), value: Size}
[Browser] log: [Mock Tauri] Window Command: plugin:window|set_size
[Browser] log: [Mock Tauri] IPC: plugin:event|listen {event: tauri://resize, target: Object, handler: Promise}
[Browser] log: [Mock Tauri] IPC Listen: tauri://resize, handlerID: [object Promise]
[Browser] log: [Mock Tauri] IPC: plugin:window|center {label: Proxy(Function)}
[Browser] log: [Mock Tauri] Window Command: plugin:window|center
[Browser] log: [Mock Tauri] IPC: plugin:window|set_focus {label: Proxy(Function)}
[Browser] log: [Mock Tauri] Window Command: plugin:window|set_focus
[Browser] log: [Fast Refresh] done in 238ms
[Browser] log: [Mock Tauri] Manually emitting event: fusen:open_search {sourceLabel: test}
  笨・ 1 [chromium] 窶ｺ e2e\release.spec.ts:33:9 窶ｺ Release Verification Suite 窶ｺ 讀懃ｴ｢繧ｦ繧｣繝ｳ繝峨え・医が繝ｼ繝舌・繝ｬ繧､・峨・蜍穂ｽ懃｢ｺ隱・(7.9s)


  1) [chromium] 窶ｺ e2e\release.spec.ts:33:9 窶ｺ Release Verification Suite 窶ｺ 讀懃ｴ｢繧ｦ繧｣繝ｳ繝峨え・医が繝ｼ繝舌・繝ｬ繧､・峨・蜍穂ｽ懃｢ｺ隱・笏笏笏笏笏

    Error: [2mexpect([22m[31mlocator[39m[2m).[22mtoBeVisible[2m([22m[2m)[22m failed

    Locator: locator('input[placeholder="蜈ｨ莉倡ｮ九ｒ讀懃ｴ｢..."]')
    Expected: visible
    Timeout: 5000ms
    Error: element(s) not found

    Call log:
    [2m  - Expect "toBeVisible" with timeout 5000ms[22m
    [2m  - waiting for locator('input[placeholder="蜈ｨ莉倡ｮ九ｒ讀懃ｴ｢..."]')[22m


      45 |         // 2. 讀懃ｴ｢繧ｪ繝ｼ繝舌・繝ｬ繧､縺瑚｡ｨ遉ｺ縺輔ｌ繧九∪縺ｧ蠕・ｩ・      46 |         const overlay = page.locator('input[placeholder="蜈ｨ莉倡ｮ九ｒ讀懃ｴ｢..."]');
    > 47 |         await expect(overlay).toBeVisible({ timeout: 5000 });
         |                               ^
      48 |
      49 |         // 3. 讀懃ｴ｢繧ｯ繧ｨ繝ｪ蜈･蜉・      50 |         await overlay.fill('繝・せ繝・);
        at D:\Users\uck\Documents\curry-project\ore-no-fusen\e2e\release.spec.ts:47:31

    Error Context: test-results\release-Release-Verification-Suite-讀懃ｴ｢繧ｦ繧｣繝ｳ繝峨え・医が繝ｼ繝舌・繝ｬ繧､・峨・蜍穂ｽ懃｢ｺ隱・chromium\error-context.md

  1 failed
    [chromium] 窶ｺ e2e\release.spec.ts:33:9 窶ｺ Release Verification Suite 窶ｺ 讀懃ｴ｢繧ｦ繧｣繝ｳ繝峨え・医が繝ｼ繝舌・繝ｬ繧､・峨・蜍穂ｽ懃｢ｺ隱・笏笏笏笏笏笏
